// Jest Snapshot v1, https://goo.gl/fbAQLP

exports[`Card block component snapshot - card block component 1`] = `
Object {
  "asFragment": [Function],
  "baseElement": <body>
    <div>
      <div
        class="list__card"
      >
        <div>
          <p
            class="list__cardContent"
          >
            <span
              class="list__cardContentTitle"
            >
              ФИО:
            </span>
            Alla
          </p>
          <p
            class="list__cardContent"
          >
            <span
              class="list__cardContentTitle"
            >
              город:
            </span>
            Kazan
          </p>
          <p
            class="list__cardContent"
          >
            <span
              class="list__cardContentTitle"
            >
              компания:
            </span>
            Lala
          </p>
        </div>
        <a
          class="list__more"
          href="/user/3"
        >
          Подробнее
        </a>
      </div>
    </div>
  </body>,
  "container": <div>
    <div
      class="list__card"
    >
      <div>
        <p
          class="list__cardContent"
        >
          <span
            class="list__cardContentTitle"
          >
            ФИО:
          </span>
          Alla
        </p>
        <p
          class="list__cardContent"
        >
          <span
            class="list__cardContentTitle"
          >
            город:
          </span>
          Kazan
        </p>
        <p
          class="list__cardContent"
        >
          <span
            class="list__cardContentTitle"
          >
            компания:
          </span>
          Lala
        </p>
      </div>
      <a
        class="list__more"
        href="/user/3"
      >
        Подробнее
      </a>
    </div>
  </div>,
  "debug": [Function],
  "findAllByAltText": [Function],
  "findAllByDisplayValue": [Function],
  "findAllByLabelText": [Function],
  "findAllByPlaceholderText": [Function],
  "findAllByRole": [Function],
  "findAllByTestId": [Function],
  "findAllByText": [Function],
  "findAllByTitle": [Function],
  "findByAltText": [Function],
  "findByDisplayValue": [Function],
  "findByLabelText": [Function],
  "findByPlaceholderText": [Function],
  "findByRole": [Function],
  "findByTestId": [Function],
  "findByText": [Function],
  "findByTitle": [Function],
  "getAllByAltText": [Function],
  "getAllByDisplayValue": [Function],
  "getAllByLabelText": [Function],
  "getAllByPlaceholderText": [Function],
  "getAllByRole": [Function],
  "getAllByTestId": [Function],
  "getAllByText": [Function],
  "getAllByTitle": [Function],
  "getByAltText": [Function],
  "getByDisplayValue": [Function],
  "getByLabelText": [Function],
  "getByPlaceholderText": [Function],
  "getByRole": [Function],
  "getByTestId": [Function],
  "getByText": [Function],
  "getByTitle": [Function],
  "queryAllByAltText": [Function],
  "queryAllByDisplayValue": [Function],
  "queryAllByLabelText": [Function],
  "queryAllByPlaceholderText": [Function],
  "queryAllByRole": [Function],
  "queryAllByTestId": [Function],
  "queryAllByText": [Function],
  "queryAllByTitle": [Function],
  "queryByAltText": [Function],
  "queryByDisplayValue": [Function],
  "queryByLabelText": [Function],
  "queryByPlaceholderText": [Function],
  "queryByRole": [Function],
  "queryByTestId": [Function],
  "queryByText": [Function],
  "queryByTitle": [Function],
  "rerender": [Function],
  "unmount": [Function],
}
`;

exports[`user card component snapshot - user card component 1`] = `
Object {
  "asFragment": [Function],
  "baseElement": <body>
    <div>
      <div
        class="list__card"
      >
        <div>
          <p
            class="list__cardContent"
          >
            <span
              class="list__cardContentTitle"
            >
              ФИО:
            </span>
            Alla
          </p>
          <p
            class="list__cardContent"
          >
            <span
              class="list__cardContentTitle"
            >
              город:
            </span>
            Kazan
          </p>
          <p
            class="list__cardContent"
          >
            <span
              class="list__cardContentTitle"
            >
              компания:
            </span>
            Lala
          </p>
        </div>
        <a
          class="list__more"
          href="/user/3"
        >
          Подробнее
        </a>
      </div>
    </div>
  </body>,
  "container": <div>
    <div
      class="list__card"
    >
      <div>
        <p
          class="list__cardContent"
        >
          <span
            class="list__cardContentTitle"
          >
            ФИО:
          </span>
          Alla
        </p>
        <p
          class="list__cardContent"
        >
          <span
            class="list__cardContentTitle"
          >
            город:
          </span>
          Kazan
        </p>
        <p
          class="list__cardContent"
        >
          <span
            class="list__cardContentTitle"
          >
            компания:
          </span>
          Lala
        </p>
      </div>
      <a
        class="list__more"
        href="/user/3"
      >
        Подробнее
      </a>
    </div>
  </div>,
  "debug": [Function],
  "findAllByAltText": [Function],
  "findAllByDisplayValue": [Function],
  "findAllByLabelText": [Function],
  "findAllByPlaceholderText": [Function],
  "findAllByRole": [Function],
  "findAllByTestId": [Function],
  "findAllByText": [Function],
  "findAllByTitle": [Function],
  "findByAltText": [Function],
  "findByDisplayValue": [Function],
  "findByLabelText": [Function],
  "findByPlaceholderText": [Function],
  "findByRole": [Function],
  "findByTestId": [Function],
  "findByText": [Function],
  "findByTitle": [Function],
  "getAllByAltText": [Function],
  "getAllByDisplayValue": [Function],
  "getAllByLabelText": [Function],
  "getAllByPlaceholderText": [Function],
  "getAllByRole": [Function],
  "getAllByTestId": [Function],
  "getAllByText": [Function],
  "getAllByTitle": [Function],
  "getByAltText": [Function],
  "getByDisplayValue": [Function],
  "getByLabelText": [Function],
  "getByPlaceholderText": [Function],
  "getByRole": [Function],
  "getByTestId": [Function],
  "getByText": [Function],
  "getByTitle": [Function],
  "queryAllByAltText": [Function],
  "queryAllByDisplayValue": [Function],
  "queryAllByLabelText": [Function],
  "queryAllByPlaceholderText": [Function],
  "queryAllByRole": [Function],
  "queryAllByTestId": [Function],
  "queryAllByText": [Function],
  "queryAllByTitle": [Function],
  "queryByAltText": [Function],
  "queryByDisplayValue": [Function],
  "queryByLabelText": [Function],
  "queryByPlaceholderText": [Function],
  "queryByRole": [Function],
  "queryByTestId": [Function],
  "queryByText": [Function],
  "queryByTitle": [Function],
  "rerender": [Function],
  "unmount": [Function],
}
`;
